warning: profiles for the non root package will be ignored, specify profiles at the workspace root:
package:   /app/reasonkit/Cargo.toml
workspace: /app/Cargo.toml
warning: profiles for the non root package will be ignored, specify profiles at the workspace root:
package:   /app/reasonkit-web/Cargo.toml
workspace: /app/Cargo.toml
warning: use of deprecated type alias `pyo3::PyObject`: use `Py<PyAny>` instead
   --> reasonkit-mem/src/lib.rs:649:19
    |
649 |         embed_fn: PyObject,
    |                   ^^^^^^^^
    |
    = note: `#[warn(deprecated)]` on by default

warning: use of deprecated type alias `pyo3::PyObject`: use `Py<PyAny>` instead
   --> reasonkit-mem/src/lib.rs:650:23
    |
650 |         summarize_fn: PyObject,
    |                       ^^^^^^^^

warning: use of deprecated method `pyo3::Python::<'py>::allow_threads`: use `Python::detach` instead
   --> reasonkit-mem/src/lib.rs:675:12
    |
675 |         py.allow_threads(move || {
    |            ^^^^^^^^^^^^^

warning: use of deprecated associated function `pyo3::Python::<'_>::with_gil`: use `Python::attach` instead
   --> reasonkit-mem/src/lib.rs:681:29
    |
681 |                     Python::with_gil(|py| {
    |                             ^^^^^^^^

warning: use of deprecated associated function `pyo3::Python::<'_>::with_gil`: use `Python::attach` instead
   --> reasonkit-mem/src/lib.rs:691:29
    |
691 |                     Python::with_gil(|py| {
    |                             ^^^^^^^^

warning: use of deprecated method `pyo3::Python::<'py>::allow_threads`: use `Python::detach` instead
   --> reasonkit-mem/src/lib.rs:727:12
    |
727 |         py.allow_threads(move || {
    |            ^^^^^^^^^^^^^

warning: `reasonkit-mem` (lib) generated 6 warnings
    Checking reasonkit-core v0.1.3 (/app/reasonkit-core)
warning: use of deprecated method `pyo3::types::PyAnyMethods::downcast`: use `Bound::cast` instead
   --> reasonkit-core/src/bindings.rs:195:17
    |
195 |             obj.downcast::<PyDict>()
    |                 ^^^^^^^^
    |
    = note: `#[warn(deprecated)]` on by default

warning: `reasonkit-core` (lib) generated 1 warning
    Checking reasonkit v0.1.2 (/app/reasonkit)
    Finished `dev` profile [unoptimized + debuginfo] target(s) in 23.51s
